// Jest Snapshot v1, https://goo.gl/fbAQLP

exports[`<PlayButton /> Renders correctly 1`] = `
<Loader
  size={60}
/>
`;
